%!Adobe-FontList 1.20
%Locale:0x412

%BeginFont
Handler:DirectoryHandler
FontType:TrueType
FontName:AppleSDGothicNeoB00
FamilyName:AppleSDGothicNeoB00
StyleName:Regular
FullName:AppleSDGothicNeoB00
MenuName:AppleSDGothicNeoB00
StyleBits:0
FamilyNameNative:AppleSDGothicNeoB00
StyleNameNative:Regular
FullNameNative:AppleSDGothicNeoB00 Regular
WritingScript:Korean
OutlineFileName:C:\Users\munjuCho\Desktop\Font\AppleSDGothicNeoB.ttf
DataFormat:sfntData
hasSVG:no
VariableFontType:NonVariableFont
FileLength:3817104
FileModTime:1527334392
WeightClass:400
WidthClass:5
AngleClass:0
NameArray:0,Mac,4,AppleSDGothicNeoB00
NameArray:0,Win,1,AppleSDGothicNeoB00
%EndFont

%BeginFont
Handler:DirectoryHandler
FontType:TrueType
FontName:AppleSDGothicNeoEB00
FamilyName:AppleSDGothicNeoEB00
StyleName:Regular
FullName:AppleSDGothicNeoEB00
MenuName:AppleSDGothicNeoEB00
StyleBits:0
FamilyNameNative:AppleSDGothicNeoEB00
StyleNameNative:Regular
FullNameNative:AppleSDGothicNeoEB00 Regular
WritingScript:Korean
OutlineFileName:C:\Users\munjuCho\Desktop\Font\AppleSDGothicNeoEB.ttf
DataFormat:sfntData
hasSVG:no
VariableFontType:NonVariableFont
FileLength:3785784
FileModTime:1527334402
WeightClass:400
WidthClass:5
AngleClass:0
NameArray:0,Mac,4,AppleSDGothicNeoEB00
NameArray:0,Win,1,AppleSDGothicNeoEB00
%EndFont

%BeginFont
Handler:DirectoryHandler
FontType:TrueType
FontName:AppleSDGothicNeoH00
FamilyName:AppleSDGothicNeoH00
StyleName:Regular
FullName:AppleSDGothicNeoH00
MenuName:AppleSDGothicNeoH00
StyleBits:0
FamilyNameNative:AppleSDGothicNeoH00
StyleNameNative:Regular
FullNameNative:AppleSDGothicNeoH00 Regular
WritingScript:Korean
OutlineFileName:C:\Users\munjuCho\Desktop\Font\AppleSDGothicNeoH.ttf
DataFormat:sfntData
hasSVG:no
VariableFontType:NonVariableFont
FileLength:3836928
FileModTime:1527334412
WeightClass:400
WidthClass:5
AngleClass:0
NameArray:0,Mac,4,AppleSDGothicNeoH00
NameArray:0,Win,1,AppleSDGothicNeoH00
%EndFont

%BeginFont
Handler:DirectoryHandler
FontType:TrueType
FontName:AppleSDGothicNeoL00
FamilyName:AppleSDGothicNeoL00
StyleName:Regular
FullName:AppleSDGothicNeoL00
MenuName:AppleSDGothicNeoL00
StyleBits:0
FamilyNameNative:AppleSDGothicNeoL00
StyleNameNative:Regular
FullNameNative:AppleSDGothicNeoL00 Regular
WritingScript:Korean
OutlineFileName:C:\Users\munjuCho\Desktop\Font\AppleSDGothicNeoL.ttf
DataFormat:sfntData
hasSVG:no
VariableFontType:NonVariableFont
FileLength:3900200
FileModTime:1527334422
WeightClass:400
WidthClass:5
AngleClass:0
NameArray:0,Mac,4,AppleSDGothicNeoL00
NameArray:0,Win,1,AppleSDGothicNeoL00
%EndFont

%BeginFont
Handler:DirectoryHandler
FontType:TrueType
FontName:AppleSDGothicNeoM00
FamilyName:AppleSDGothicNeoM00
StyleName:Regular
FullName:AppleSDGothicNeoM00
MenuName:AppleSDGothicNeoM00
StyleBits:0
FamilyNameNative:AppleSDGothicNeoM00
StyleNameNative:Regular
FullNameNative:AppleSDGothicNeoM00 Regular
WritingScript:Korean
OutlineFileName:C:\Users\munjuCho\Desktop\Font\AppleSDGothicNeoM.ttf
DataFormat:sfntData
hasSVG:no
VariableFontType:NonVariableFont
FileLength:3791636
FileModTime:1527334438
WeightClass:400
WidthClass:5
AngleClass:0
NameArray:0,Mac,4,AppleSDGothicNeoM00
NameArray:0,Win,1,AppleSDGothicNeoM00
%EndFont

%BeginFont
Handler:DirectoryHandler
FontType:TrueType
FontName:AppleSDGothicNeoR00
FamilyName:AppleSDGothicNeoR00
StyleName:Regular
FullName:AppleSDGothicNeoR00
MenuName:AppleSDGothicNeoR00
StyleBits:0
FamilyNameNative:AppleSDGothicNeoR00
StyleNameNative:Regular
FullNameNative:AppleSDGothicNeoR00 Regular
WritingScript:Korean
OutlineFileName:C:\Users\munjuCho\Desktop\Font\AppleSDGothicNeoR.ttf
DataFormat:sfntData
hasSVG:no
VariableFontType:NonVariableFont
FileLength:3853124
FileModTime:1527334448
WeightClass:400
WidthClass:5
AngleClass:0
NameArray:0,Mac,4,AppleSDGothicNeoR00
NameArray:0,Win,1,AppleSDGothicNeoR00
%EndFont

%BeginFont
Handler:DirectoryHandler
FontType:TrueType
FontName:AppleSDGothicNeoSB00
FamilyName:AppleSDGothicNeoSB00
StyleName:Regular
FullName:AppleSDGothicNeoSB00
MenuName:AppleSDGothicNeoSB00
StyleBits:0
FamilyNameNative:AppleSDGothicNeoSB00
StyleNameNative:Regular
FullNameNative:AppleSDGothicNeoSB00 Regular
WritingScript:Korean
OutlineFileName:C:\Users\munjuCho\Desktop\Font\AppleSDGothicNeoSB.ttf
DataFormat:sfntData
hasSVG:no
VariableFontType:NonVariableFont
FileLength:3705352
FileModTime:1527334458
WeightClass:400
WidthClass:5
AngleClass:0
NameArray:0,Mac,4,AppleSDGothicNeoSB00
NameArray:0,Win,1,AppleSDGothicNeoSB00
%EndFont

%BeginFont
Handler:DirectoryHandler
FontType:TrueType
FontName:AppleSDGothicNeoT00
FamilyName:AppleSDGothicNeoT00
StyleName:Regular
FullName:AppleSDGothicNeoT00
MenuName:AppleSDGothicNeoT00
StyleBits:0
FamilyNameNative:AppleSDGothicNeoT00
StyleNameNative:Regular
FullNameNative:AppleSDGothicNeoT00 Regular
WritingScript:Korean
OutlineFileName:C:\Users\munjuCho\Desktop\Font\AppleSDGothicNeoT.ttf
DataFormat:sfntData
hasSVG:no
VariableFontType:NonVariableFont
FileLength:4013604
FileModTime:1527334472
WeightClass:400
WidthClass:5
AngleClass:0
NameArray:0,Mac,4,AppleSDGothicNeoT00
NameArray:0,Win,1,AppleSDGothicNeoT00
%EndFont

%BeginFont
Handler:DirectoryHandler
FontType:TrueType
FontName:AppleSDGothicNeoUL00
FamilyName:AppleSDGothicNeoUL00
StyleName:Regular
FullName:AppleSDGothicNeoUL00
MenuName:AppleSDGothicNeoUL00
StyleBits:0
FamilyNameNative:AppleSDGothicNeoUL00
StyleNameNative:Regular
FullNameNative:AppleSDGothicNeoUL00 Regular
WritingScript:Korean
OutlineFileName:C:\Users\munjuCho\Desktop\Font\AppleSDGothicNeoUL.ttf
DataFormat:sfntData
hasSVG:no
VariableFontType:NonVariableFont
FileLength:3946024
FileModTime:1527334482
WeightClass:400
WidthClass:5
AngleClass:0
NameArray:0,Mac,4,AppleSDGothicNeoUL00
NameArray:0,Win,1,AppleSDGothicNeoUL00
%EndFont

%BeginFont
Handler:DirectoryHandler
FontType:CID
FontName:NotoSansKR-Black
FamilyName:Noto Sans KR
StyleName:Black
FullName:Noto Sans KR Black
MenuName:Noto Sans KR Black
StyleBits:0
FamilyNameNative:Noto Sans KR
StyleNameNative:Black
FullNameNative:Noto Sans KR Black
WritingScript:Korean
OutlineFileName:C:\Users\munjuCho\Desktop\Font\NotoSansKR-Black.otf
DataFormat:sfntData
isCFF:yes
hasSVG:no
VariableFontType:NonVariableFont
FileLength:5068176
FileModTime:1611188370
WeightClass:900
WidthClass:5
AngleClass:0
NameArray:0,Win,1,Noto Sans KR Black
NameArray:0,Win,16,Noto Sans KR
%EndFont

%BeginFont
Handler:DirectoryHandler
FontType:CID
FontName:NotoSansKR-Bold
FamilyName:Noto Sans KR
StyleName:Bold
FullName:Noto Sans KR Bold
MenuName:Noto Sans KR
StyleBits:2
FamilyNameNative:Noto Sans KR
StyleNameNative:Bold
FullNameNative:Noto Sans KR Bold
WritingScript:Korean
OutlineFileName:C:\Users\munjuCho\Desktop\Font\NotoSansKR-Bold.otf
DataFormat:sfntData
isCFF:yes
hasSVG:no
VariableFontType:NonVariableFont
FileLength:4909620
FileModTime:1611188369
WeightClass:700
WidthClass:5
AngleClass:0
NameArray:0,Win,1,Noto Sans KR
%EndFont

%BeginFont
Handler:DirectoryHandler
FontType:CID
FontName:NotoSansKR-Light
FamilyName:Noto Sans KR
StyleName:Light
FullName:Noto Sans KR Light
MenuName:Noto Sans KR Light
StyleBits:0
FamilyNameNative:Noto Sans KR
StyleNameNative:Light
FullNameNative:Noto Sans KR Light
WritingScript:Korean
OutlineFileName:C:\Users\munjuCho\Desktop\Font\NotoSansKR-Light.otf
DataFormat:sfntData
isCFF:yes
hasSVG:no
VariableFontType:NonVariableFont
FileLength:4713884
FileModTime:1611188369
WeightClass:300
WidthClass:5
AngleClass:0
NameArray:0,Win,1,Noto Sans KR Light
NameArray:0,Win,16,Noto Sans KR
%EndFont

%BeginFont
Handler:DirectoryHandler
FontType:CID
FontName:NotoSansKR-Medium
FamilyName:Noto Sans KR
StyleName:Medium
FullName:Noto Sans KR Medium
MenuName:Noto Sans KR Medium
StyleBits:0
FamilyNameNative:Noto Sans KR
StyleNameNative:Medium
FullNameNative:Noto Sans KR Medium
WritingScript:Korean
OutlineFileName:C:\Users\munjuCho\Desktop\Font\NotoSansKR-Medium.otf
DataFormat:sfntData
isCFF:yes
hasSVG:no
VariableFontType:NonVariableFont
FileLength:4768724
FileModTime:1611188370
WeightClass:500
WidthClass:5
AngleClass:0
NameArray:0,Win,1,Noto Sans KR Medium
NameArray:0,Win,16,Noto Sans KR
%EndFont

%BeginFont
Handler:DirectoryHandler
FontType:CID
FontName:NotoSansKR-Regular
FamilyName:Noto Sans KR
StyleName:Regular
FullName:Noto Sans KR
MenuName:Noto Sans KR
StyleBits:0
FamilyNameNative:Noto Sans KR
StyleNameNative:Regular
FullNameNative:Noto Sans KR Regular
WritingScript:Korean
OutlineFileName:C:\Users\munjuCho\Desktop\Font\NotoSansKR-Regular.otf
DataFormat:sfntData
isCFF:yes
hasSVG:no
VariableFontType:NonVariableFont
FileLength:4744644
FileModTime:1611188371
WeightClass:400
WidthClass:5
AngleClass:0
NameArray:0,Win,1,Noto Sans KR
%EndFont

%BeginFont
Handler:DirectoryHandler
FontType:CID
FontName:NotoSansKR-Thin
FamilyName:Noto Sans KR
StyleName:Thin
FullName:Noto Sans KR Thin
MenuName:Noto Sans KR Thin
StyleBits:0
FamilyNameNative:Noto Sans KR
StyleNameNative:Thin
FullNameNative:Noto Sans KR Thin
WritingScript:Korean
OutlineFileName:C:\Users\munjuCho\Desktop\Font\NotoSansKR-Thin.otf
DataFormat:sfntData
isCFF:yes
hasSVG:no
VariableFontType:NonVariableFont
FileLength:4383664
FileModTime:1611188371
WeightClass:250
WidthClass:5
AngleClass:0
NameArray:0,Win,1,Noto Sans KR Thin
NameArray:0,Win,16,Noto Sans KR
%EndFont

%BeginFont
Handler:DirectoryHandler
FontType:Invalid
OutlineFileName:C:\Users\munjuCho\Desktop\Font\scdream1-webfont.woff2
FileModTime:1611188369
%EndFont

%BeginFont
Handler:DirectoryHandler
FontType:Invalid
OutlineFileName:C:\Users\munjuCho\Desktop\Font\scdream2-webfont.woff2
FileModTime:1611188369
%EndFont

%BeginFont
Handler:DirectoryHandler
FontType:Invalid
OutlineFileName:C:\Users\munjuCho\Desktop\Font\scdream3-webfont.woff2
FileModTime:1611188370
%EndFont

%BeginFont
Handler:DirectoryHandler
FontType:Invalid
OutlineFileName:C:\Users\munjuCho\Desktop\Font\scdream4-webfont.woff2
FileModTime:1611188369
%EndFont

%BeginFont
Handler:DirectoryHandler
FontType:Invalid
OutlineFileName:C:\Users\munjuCho\Desktop\Font\scdream5-webfont.woff2
FileModTime:1611188369
%EndFont

%BeginFont
Handler:DirectoryHandler
FontType:Invalid
OutlineFileName:C:\Users\munjuCho\Desktop\Font\scdream6-webfont.woff2
FileModTime:1611188370
%EndFont

%BeginFont
Handler:DirectoryHandler
FontType:Invalid
OutlineFileName:C:\Users\munjuCho\Desktop\Font\scdream7-webfont.woff2
FileModTime:1611188370
%EndFont

%BeginFont
Handler:DirectoryHandler
FontType:Invalid
OutlineFileName:C:\Users\munjuCho\Desktop\Font\scdream8-webfont.woff2
FileModTime:1611188369
%EndFont

%BeginFont
Handler:DirectoryHandler
FontType:Invalid
OutlineFileName:C:\Users\munjuCho\Desktop\Font\scdream9-webfont.woff2
FileModTime:1611188369
%EndFont

